C:\Users\Dasha>D:

D:\>cd kpi\new data
Системе не удается найти указанный путь.

D:\>cd kpi\new_data

D:\KPI\new_data>git config --global user.name "Korshun1488"

D:\KPI\new_data>git config --global user.email "psinichka@gmail.com"

D:\KPI\new_data>
D:\KPI\new_data>git config --global core.autocrlf true

D:\KPI\new_data>git config --global core.safecrlf false

D:\KPI\new_data>git config --global core.eol native

D:\KPI\new_data>git init
Initialized empty Git repository in D:/KPI/new_data/.git/

D:\KPI\new_data>git remote add origin https://github.com/Korshun1488/Lab1_2.git

D:\KPI\new_data>git add .

D:\KPI\new_data>git commit -m "commit 1"
[master (root-commit) 2163809] commit 1
 1 file changed, 1 insertion(+)
 create mode 100644 123.txt

D:\KPI\new_data>git add .

D:\KPI\new_data>git commit -m "commit 2"
[master e5345c2] commit 2
 1 file changed, 2 insertions(+), 1 deletion(-)

D:\KPI\new_data>git add .

D:\KPI\new_data>git commit -m "commit 3"
[master cb4fbcc] commit 3
 1 file changed, 2 insertions(+), 1 deletion(-)

D:\KPI\new_data>git log
commit cb4fbcc5c19f96e1594d5f5410ab92c7161f0ec2 (HEAD -> master)
Author: Korshun1488 <psinichka@gmail.com>
Date:   Tue Feb 20 09:05:37 2018 +0200

    commit 3

commit e5345c2a4d4a9f58b8217bf07ae95c4e8fb8c807
Author: Korshun1488 <psinichka@gmail.com>
Date:   Tue Feb 20 09:05:18 2018 +0200

    commit 2

commit 216380946bf09e735718cb5fdb5b370071ff0b76
Author: Korshun1488 <psinichka@gmail.com>
Date:   Tue Feb 20 09:04:42 2018 +0200

    commit 1

D:\KPI\new_data>git log --graph --all
* commit cb4fbcc5c19f96e1594d5f5410ab92c7161f0ec2 (HEAD -> master)
| Author: Korshun1488 <psinichka@gmail.com>
| Date:   Tue Feb 20 09:05:37 2018 +0200
|
|     commit 3
|
* commit e5345c2a4d4a9f58b8217bf07ae95c4e8fb8c807
| Author: Korshun1488 <psinichka@gmail.com>
| Date:   Tue Feb 20 09:05:18 2018 +0200
|
|     commit 2
|
* commit 216380946bf09e735718cb5fdb5b370071ff0b76
  Author: Korshun1488 <psinichka@gmail.com>
  Date:   Tue Feb 20 09:04:42 2018 +0200

      commit 1

D:\KPI\new_data>git checkout e5345c2a4d4a9f58b8217bf07ae95c4e8fb8c807
error: Your local changes to the following files would be overwritten by checkout:
        123.txt
Please commit your changes or stash them before you switch branches.
Aborting

D:\KPI\new_data>git add .

D:\KPI\new_data>git commit -m "commit 4"
[master 2627455] commit 4
 1 file changed, 2 insertions(+), 1 deletion(-)

D:\KPI\new_data>git checkout e5345c2a4d4a9f58b8217bf07ae95c4e8fb8c807
Note: checking out 'e5345c2a4d4a9f58b8217bf07ae95c4e8fb8c807'.

You are in 'detached HEAD' state. You can look around, make experimental
changes and commit them, and you can discard any commits you make in this
state without impacting any branches by performing another checkout.

If you want to create a new branch to retain commits you create, you may
do so (now or later) by using -b with the checkout command again. Example:

  git checkout -b <new-branch-name>

HEAD is now at e5345c2 commit 2

D:\KPI\new_data>git add .

D:\KPI\new_data>git add .

D:\KPI\new_data>git commit -m "commit 5"
[detached HEAD 2249434] commit 5
 1 file changed, 4 insertions(+), 1 deletion(-)

D:\KPI\new_data>git log --graph --all
* commit 22494348633b4791770ff33c743f668747fcc590 (HEAD)
| Author: Korshun1488 <psinichka@gmail.com>
| Date:   Tue Feb 20 09:08:38 2018 +0200
|
|     commit 5
|
| * commit 2627455f3690e722aa9f714272751ce24c1240a2 (master)
| | Author: Korshun1488 <psinichka@gmail.com>
| | Date:   Tue Feb 20 09:07:34 2018 +0200
| |
| |     commit 4
| |
| * commit cb4fbcc5c19f96e1594d5f5410ab92c7161f0ec2
|/  Author: Korshun1488 <psinichka@gmail.com>
|   Date:   Tue Feb 20 09:05:37 2018 +0200
|
|       commit 3
|
* commit e5345c2a4d4a9f58b8217bf07ae95c4e8fb8c807
| Author: Korshun1488 <psinichka@gmail.com>
| Date:   Tue Feb 20 09:05:18 2018 +0200
|
|     commit 2
|
* commit 216380946bf09e735718cb5fdb5b370071ff0b76
  Author: Korshun1488 <psinichka@gmail.com>
  Date:   Tue Feb 20 09:04:42 2018 +0200

      commit 1

D:\KPI\new_data>git branch new_tree

D:\KPI\new_data>git checkout new_tree
Switched to branch 'new_tree'

D:\KPI\new_data>git log --graph --all
* commit 22494348633b4791770ff33c743f668747fcc590 (HEAD -> new_tree)
| Author: Korshun1488 <psinichka@gmail.com>
| Date:   Tue Feb 20 09:08:38 2018 +0200
|
|     commit 5
|
| * commit 2627455f3690e722aa9f714272751ce24c1240a2 (master)
| | Author: Korshun1488 <psinichka@gmail.com>
| | Date:   Tue Feb 20 09:07:34 2018 +0200
| |
| |     commit 4
| |
| * commit cb4fbcc5c19f96e1594d5f5410ab92c7161f0ec2
|/  Author: Korshun1488 <psinichka@gmail.com>
|   Date:   Tue Feb 20 09:05:37 2018 +0200
|
|       commit 3
|
* commit e5345c2a4d4a9f58b8217bf07ae95c4e8fb8c807
| Author: Korshun1488 <psinichka@gmail.com>
| Date:   Tue Feb 20 09:05:18 2018 +0200
|
|     commit 2
|
* commit 216380946bf09e735718cb5fdb5b370071ff0b76
  Author: Korshun1488 <psinichka@gmail.com>
  Date:   Tue Feb 20 09:04:42 2018 +0200

      commit 1

D:\KPI\new_data>git log -graph -all -decorate -oneline
error: did you mean `--decorate` (with two dashes ?)

D:\KPI\new_data>git remote -v
origin  https://github.com/Korshun1488/Lab1_2.git (fetch)
origin  https://github.com/Korshun1488/Lab1_2.git (push)

D:\KPI\new_data> git push git_lab -all
error: did you mean `--all` (with two dashes ?)

D:\KPI\new_data>git push -u origin master
fatal: unable to access 'https://github.com/Korshun1488/Lab1_2.git/': Could not resolve host: github.com

D:\KPI\new_data>git push
fatal: The current branch new_tree has no upstream branch.
To push the current branch and set the remote as upstream, use

    git push --set-upstream origin new_tree


D:\KPI\new_data> git push --set-upstream origin new_tree
fatal: unable to access 'https://github.com/Korshun1488/Lab1_2.git/': Could not resolve host: github.com

D:\KPI\new_data> git push --set-upstream origin new_tree
Counting objects: 9, done.
Delta compression using up to 4 threads.
Compressing objects: 100% (3/3), done.
Writing objects: 100% (9/9), 643 bytes | 321.00 KiB/s, done.
Total 9 (delta 0), reused 0 (delta 0)
To https://github.com/Korshun1488/Lab1_2.git
 * [new branch]      new_tree -> new_tree
Branch 'new_tree' set up to track remote branch 'new_tree' from 'origin'.

D:\KPI\new_data>git checkout 2627455f3690e722aa9f714272751ce24c1240a2
Note: checking out '2627455f3690e722aa9f714272751ce24c1240a2'.

You are in 'detached HEAD' state. You can look around, make experimental
changes and commit them, and you can discard any commits you make in this
state without impacting any branches by performing another checkout.

If you want to create a new branch to retain commits you create, you may
do so (now or later) by using -b with the checkout command again. Example:

  git checkout -b <new-branch-name>

HEAD is now at 2627455 commit 4

D:\KPI\new_data> git push
fatal: You are not currently on a branch.
To push the history leading to the current (detached HEAD)
state now, use

    git push origin HEAD:<name-of-remote-branch>


D:\KPI\new_data> git push  --all
Counting objects: 6, done.
Delta compression using up to 4 threads.
Compressing objects: 100% (2/2), done.
Writing objects: 100% (6/6), 467 bytes | 467.00 KiB/s, done.
Total 6 (delta 0), reused 0 (delta 0)
To https://github.com/Korshun1488/Lab1_2.git
 * [new branch]      master -> master

D:\KPI\new_data>git log --graph  --all
* commit 22494348633b4791770ff33c743f668747fcc590 (origin/new_tree, new_tree)
| Author: Korshun1488 <psinichka@gmail.com>
| Date:   Tue Feb 20 09:08:38 2018 +0200
|
|     commit 5
|
| * commit 2627455f3690e722aa9f714272751ce24c1240a2 (HEAD, origin/master, master)
| | Author: Korshun1488 <psinichka@gmail.com>
| | Date:   Tue Feb 20 09:07:34 2018 +0200
| |
| |     commit 4
| |
| * commit cb4fbcc5c19f96e1594d5f5410ab92c7161f0ec2
|/  Author: Korshun1488 <psinichka@gmail.com>
|   Date:   Tue Feb 20 09:05:37 2018 +0200
|
|       commit 3
|
* commit e5345c2a4d4a9f58b8217bf07ae95c4e8fb8c807
| Author: Korshun1488 <psinichka@gmail.com>
| Date:   Tue Feb 20 09:05:18 2018 +0200
|
|     commit 2
|
* commit 216380946bf09e735718cb5fdb5b370071ff0b76
  Author: Korshun1488 <psinichka@gmail.com>
  Date:   Tue Feb 20 09:04:42 2018 +0200

      commit 1

D:\KPI\new_data>git checkout master
Switched to branch 'master'

D:\KPI\new_data>git log --graph  --all
* commit 22494348633b4791770ff33c743f668747fcc590 (origin/new_tree, new_tree)
| Author: Korshun1488 <psinichka@gmail.com>
| Date:   Tue Feb 20 09:08:38 2018 +0200
|
|     commit 5
|
| * commit 2627455f3690e722aa9f714272751ce24c1240a2 (HEAD -> master, origin/master)
| | Author: Korshun1488 <psinichka@gmail.com>
| | Date:   Tue Feb 20 09:07:34 2018 +0200
| |
| |     commit 4
| |
| * commit cb4fbcc5c19f96e1594d5f5410ab92c7161f0ec2
|/  Author: Korshun1488 <psinichka@gmail.com>
|   Date:   Tue Feb 20 09:05:37 2018 +0200
|
|       commit 3
|
* commit e5345c2a4d4a9f58b8217bf07ae95c4e8fb8c807
| Author: Korshun1488 <psinichka@gmail.com>
| Date:   Tue Feb 20 09:05:18 2018 +0200
|
|     commit 2
|
* commit 216380946bf09e735718cb5fdb5b370071ff0b76
  Author: Korshun1488 <psinichka@gmail.com>
  Date:   Tue Feb 20 09:04:42 2018 +0200

      commit 1

D:\KPI\new_data> git push  --all
Everything up-to-date

D:\KPI\new_data>git add .

D:\KPI\new_data>git commit -m "commit 6"
[master 16882d4] commit 6
 1 file changed, 3 insertions(+), 1 deletion(-)

D:\KPI\new_data>git log --graph  --all
* commit 16882d494400dda3e85a0a4bc1aea7597199fe25 (HEAD -> master)
| Author: Korshun1488 <psinichka@gmail.com>
| Date:   Tue Feb 20 09:21:31 2018 +0200
|
|     commit 6
|
* commit 2627455f3690e722aa9f714272751ce24c1240a2 (origin/master)
| Author: Korshun1488 <psinichka@gmail.com>
| Date:   Tue Feb 20 09:07:34 2018 +0200
|
|     commit 4
|
* commit cb4fbcc5c19f96e1594d5f5410ab92c7161f0ec2
| Author: Korshun1488 <psinichka@gmail.com>
| Date:   Tue Feb 20 09:05:37 2018 +0200
|
|     commit 3
|
| * commit 22494348633b4791770ff33c743f668747fcc590 (origin/new_tree, new_tree)
|/  Author: Korshun1488 <psinichka@gmail.com>
|   Date:   Tue Feb 20 09:08:38 2018 +0200
|
|       commit 5
|
* commit e5345c2a4d4a9f58b8217bf07ae95c4e8fb8c807
| Author: Korshun1488 <psinichka@gmail.com>
| Date:   Tue Feb 20 09:05:18 2018 +0200
|
|     commit 2
|
* commit 216380946bf09e735718cb5fdb5b370071ff0b76
  Author: Korshun1488 <psinichka@gmail.com>
  Date:   Tue Feb 20 09:04:42 2018 +0200

      commit 1

D:\KPI\new_data>git fetch Lab1_2 master
fatal: 'Lab1_2' does not appear to be a git repository
fatal: Could not read from remote repository.

Please make sure you have the correct access rights
and the repository exists.

D:\KPI\new_data>git remote rm origin

D:\KPI\new_data>git remote add origin https://github.com/Korshun1488/Lab1_2.git

D:\KPI\new_data>git fetch Lab1_2 master
fatal: 'Lab1_2' does not appear to be a git repository
fatal: Could not read from remote repository.

Please make sure you have the correct access rights
and the repository exists.

D:\KPI\new_data>git fetch lab1_2 master
fatal: 'lab1_2' does not appear to be a git repository
fatal: Could not read from remote repository.

Please make sure you have the correct access rights
and the repository exists.

D:\KPI\new_data>git fetch origin master
remote: Counting objects: 6, done.
remote: Compressing objects: 100% (2/2), done.
remote: Total 6 (delta 0), reused 0 (delta 0), pack-reused 0
Unpacking objects: 100% (6/6), done.
From https://github.com/Korshun1488/Lab1_2
 * branch            master     -> FETCH_HEAD
 * [new branch]      master     -> origin/master

D:\KPI\new_data>git log --graph  --all
* commit d0c30207d5bccd0fa2ecc2fe576b210854054be4 (origin/master)
| Author: Korshun1488 <36413930+Korshun1488@users.noreply.github.com>
| Date:   Tue Feb 20 09:27:56 2018 +0200
|
|     commit 6
|
* commit 126ff610f025ae2fd9bc2aa6d1dbe760fc0c3e7d
| Author: Korshun1488 <36413930+Korshun1488@users.noreply.github.com>
| Date:   Tue Feb 20 09:26:36 2018 +0200
|
|     commit 5
|
| * commit 16882d494400dda3e85a0a4bc1aea7597199fe25 (HEAD -> master)
|/  Author: Korshun1488 <psinichka@gmail.com>
|   Date:   Tue Feb 20 09:21:31 2018 +0200
|
|       commit 6
|
* commit 2627455f3690e722aa9f714272751ce24c1240a2
| Author: Korshun1488 <psinichka@gmail.com>
| Date:   Tue Feb 20 09:07:34 2018 +0200
|
|     commit 4
|
* commit cb4fbcc5c19f96e1594d5f5410ab92c7161f0ec2
| Author: Korshun1488 <psinichka@gmail.com>
| Date:   Tue Feb 20 09:05:37 2018 +0200
|
|     commit 3
|
| * commit 22494348633b4791770ff33c743f668747fcc590 (new_tree)
|/  Author: Korshun1488 <psinichka@gmail.com>
|   Date:   Tue Feb 20 09:08:38 2018 +0200
|
|       commit 5
|
* commit e5345c2a4d4a9f58b8217bf07ae95c4e8fb8c807
| Author: Korshun1488 <psinichka@gmail.com>
| Date:   Tue Feb 20 09:05:18 2018 +0200
|
|     commit 2
|
* commit 216380946bf09e735718cb5fdb5b370071ff0b76
  Author: Korshun1488 <psinichka@gmail.com>
  Date:   Tue Feb 20 09:04:42 2018 +0200

      commit 1

D:\KPI\new_data>git diff d0c30207d5bccd0fa2ecc2fe576b210854054be4..16882d494400dda3e85a0a4bc1aea7597199fe25
diff --git a/123.txt b/123.txt
index 678773c..fcaf49e 100644
--- a/123.txt
+++ b/123.txt
@@ -2,5 +2,5 @@
 22222
 3333333
 4444444
-51111111
-611111
+555555
+666666

D:\KPI\new_data>git merge master
Already up to date.

D:\KPI\new_data>git log --graph  --all
* commit d0c30207d5bccd0fa2ecc2fe576b210854054be4 (origin/master)
| Author: Korshun1488 <36413930+Korshun1488@users.noreply.github.com>
| Date:   Tue Feb 20 09:27:56 2018 +0200
|
|     commit 6
|
* commit 126ff610f025ae2fd9bc2aa6d1dbe760fc0c3e7d
| Author: Korshun1488 <36413930+Korshun1488@users.noreply.github.com>
| Date:   Tue Feb 20 09:26:36 2018 +0200
|
|     commit 5
|
| * commit 16882d494400dda3e85a0a4bc1aea7597199fe25 (HEAD -> master)
|/  Author: Korshun1488 <psinichka@gmail.com>
|   Date:   Tue Feb 20 09:21:31 2018 +0200
|
|       commit 6
|
* commit 2627455f3690e722aa9f714272751ce24c1240a2
| Author: Korshun1488 <psinichka@gmail.com>
| Date:   Tue Feb 20 09:07:34 2018 +0200
|
|     commit 4
|
* commit cb4fbcc5c19f96e1594d5f5410ab92c7161f0ec2
| Author: Korshun1488 <psinichka@gmail.com>
| Date:   Tue Feb 20 09:05:37 2018 +0200
|
|     commit 3
|
| * commit 22494348633b4791770ff33c743f668747fcc590 (new_tree)
|/  Author: Korshun1488 <psinichka@gmail.com>
|   Date:   Tue Feb 20 09:08:38 2018 +0200
|
|       commit 5
|
* commit e5345c2a4d4a9f58b8217bf07ae95c4e8fb8c807
| Author: Korshun1488 <psinichka@gmail.com>
| Date:   Tue Feb 20 09:05:18 2018 +0200
|
|     commit 2
|
* commit 216380946bf09e735718cb5fdb5b370071ff0b76
  Author: Korshun1488 <psinichka@gmail.com>
  Date:   Tue Feb 20 09:04:42 2018 +0200

      commit 1

D:\KPI\new_data> git commit -m "commit err"
On branch master
nothing to commit, working tree clean

D:\KPI\new_data>git add *

D:\KPI\new_data> git commit -m "commit err"
[master 8b7a885] commit err
 1 file changed, 1 insertion(+)

D:\KPI\new_data>git log --graph  --all
* commit 8b7a8854c305d6f197ca42659234a0772b287c0e (HEAD -> master)
| Author: Korshun1488 <psinichka@gmail.com>
| Date:   Tue Feb 20 09:38:38 2018 +0200
|
|     commit err
|
* commit 16882d494400dda3e85a0a4bc1aea7597199fe25
| Author: Korshun1488 <psinichka@gmail.com>
| Date:   Tue Feb 20 09:21:31 2018 +0200
|
|     commit 6
|
| * commit d0c30207d5bccd0fa2ecc2fe576b210854054be4 (origin/master)
| | Author: Korshun1488 <36413930+Korshun1488@users.noreply.github.com>
| | Date:   Tue Feb 20 09:27:56 2018 +0200
| |
| |     commit 6
| |
| * commit 126ff610f025ae2fd9bc2aa6d1dbe760fc0c3e7d
|/  Author: Korshun1488 <36413930+Korshun1488@users.noreply.github.com>
|   Date:   Tue Feb 20 09:26:36 2018 +0200
|
|       commit 5
|
* commit 2627455f3690e722aa9f714272751ce24c1240a2
| Author: Korshun1488 <psinichka@gmail.com>
| Date:   Tue Feb 20 09:07:34 2018 +0200
|
|     commit 4
|
* commit cb4fbcc5c19f96e1594d5f5410ab92c7161f0ec2
| Author: Korshun1488 <psinichka@gmail.com>
| Date:   Tue Feb 20 09:05:37 2018 +0200
|
|     commit 3
|
| * commit 22494348633b4791770ff33c743f668747fcc590 (new_tree)
|/  Author: Korshun1488 <psinichka@gmail.com>
|   Date:   Tue Feb 20 09:08:38 2018 +0200
|
|       commit 5
|
* commit e5345c2a4d4a9f58b8217bf07ae95c4e8fb8c807
| Author: Korshun1488 <psinichka@gmail.com>
| Date:   Tue Feb 20 09:05:18 2018 +0200
|
|     commit 2
|
* commit 216380946bf09e735718cb5fdb5b370071ff0b76
  Author: Korshun1488 <psinichka@gmail.com>
  Date:   Tue Feb 20 09:04:42 2018 +0200

      commit 1

D:\KPI\new_data> //в таком виде используем только первый раз, потом используем команду без флагов
Синтаксическая ошибка в имени файла, имени папки или метке тома.

D:\KPI\new_data>git push
fatal: The current branch master has no upstream branch.
To push the current branch and set the remote as upstream, use

    git push --set-upstream origin master


D:\KPI\new_data>git push --set-upstream origin master
fatal: unable to access 'https://github.com/Korshun1488/Lab1_2.git/': Could not resolve host: github.com

D:\KPI\new_data>git push --set-upstream origin master
To https://github.com/Korshun1488/Lab1_2.git
 ! [rejected]        master -> master (non-fast-forward)
error: failed to push some refs to 'https://github.com/Korshun1488/Lab1_2.git'
hint: Updates were rejected because the tip of your current branch is behind
hint: its remote counterpart. Integrate the remote changes (e.g.
hint: 'git pull ...') before pushing again.
hint: See the 'Note about fast-forwards' in 'git push --help' for details.

D:\KPI\new_data>git pull origin
From https://github.com/Korshun1488/Lab1_2
 * [new branch]      new_tree   -> origin/new_tree
You asked to pull from the remote 'origin', but did not specify
a branch. Because this is not the default configured remote
for your current branch, you must specify a branch on the command line.

D:\KPI\new_data>git pull origin --all
fatal: fetch --all does not take a repository argument

D:\KPI\new_data> git merge d0c30207d5bccd0fa2ecc2fe576b210854054be4 16882d494400dda3e85a0a4bc1aea7597199fe25
Auto-merging 123.txt
CONFLICT (content): Merge conflict in 123.txt
Automatic merge failed; fix conflicts and then commit the result.

D:\KPI\new_data> git add *

D:\KPI\new_data> git commit -m "commit new"
[master 21d885e] commit new

D:\KPI\new_data>git push
fatal: The current branch master has no upstream branch.
To push the current branch and set the remote as upstream, use

    git push --set-upstream origin master


D:\KPI\new_data>git push --set-upstream origin master
Counting objects: 9, done.
Delta compression using up to 4 threads.
Compressing objects: 100% (4/4), done.
Writing objects: 100% (9/9), 760 bytes | 380.00 KiB/s, done.
Total 9 (delta 0), reused 0 (delta 0)
To https://github.com/Korshun1488/Lab1_2.git
   d0c3020..21d885e  master -> master
Branch 'master' set up to track remote branch 'master' from 'origin'.

D:\KPI\new_data>git log
commit 21d885e9bbd3571a80ca51e5c975dabfd577b3d0 (HEAD -> master, origin/master)
Merge: 8b7a885 d0c3020
Author: Korshun1488 <psinichka@gmail.com>
Date:   Tue Feb 20 09:47:24 2018 +0200

    commit new

commit 8b7a8854c305d6f197ca42659234a0772b287c0e
Author: Korshun1488 <psinichka@gmail.com>
Date:   Tue Feb 20 09:38:38 2018 +0200

    commit err

commit d0c30207d5bccd0fa2ecc2fe576b210854054be4
Author: Korshun1488 <36413930+Korshun1488@users.noreply.github.com>
Date:   Tue Feb 20 09:27:56 2018 +0200

    commit 6

commit 126ff610f025ae2fd9bc2aa6d1dbe760fc0c3e7d
Author: Korshun1488 <36413930+Korshun1488@users.noreply.github.com>
Date:   Tue Feb 20 09:26:36 2018 +0200

    commit 5

commit 16882d494400dda3e85a0a4bc1aea7597199fe25
Author: Korshun1488 <psinichka@gmail.com>
Date:   Tue Feb 20 09:21:31 2018 +0200

    commit 6

commit 2627455f3690e722aa9f714272751ce24c1240a2
Author: Korshun1488 <psinichka@gmail.com>
Date:   Tue Feb 20 09:07:34 2018 +0200

    commit 4

commit cb4fbcc5c19f96e1594d5f5410ab92c7161f0ec2
Author: Korshun1488 <psinichka@gmail.com>
Date:   Tue Feb 20 09:05:37 2018 +0200

    commit 3

commit e5345c2a4d4a9f58b8217bf07ae95c4e8fb8c807
Author: Korshun1488 <psinichka@gmail.com>
Date:   Tue Feb 20 09:05:18 2018 +0200

    commit 2

commit 216380946bf09e735718cb5fdb5b370071ff0b76
Author: Korshun1488 <psinichka@gmail.com>
Date:   Tue Feb 20 09:04:42 2018 +0200

    commit 1

D:\KPI\new_data>git log --graph  --all
*   commit 21d885e9bbd3571a80ca51e5c975dabfd577b3d0 (HEAD -> master, origin/master)
*   commit 21d885e9bbd3571a80ca51e5c975dabfd577b3d0 (HEAD -> master, origin/master)
|\  Merge: 8b7a885 d0c3020
| | Author: Korshun1488 <psinichka@gmail.com>
| | Date:   Tue Feb 20 09:47:24 2018 +0200
| |
| |     commit new
| |
| * commit d0c30207d5bccd0fa2ecc2fe576b210854054be4
| | Author: Korshun1488 <36413930+Korshun1488@users.noreply.github.com>
| | Date:   Tue Feb 20 09:27:56 2018 +0200
| |
| |     commit 6
| |
| * commit 126ff610f025ae2fd9bc2aa6d1dbe760fc0c3e7d
| | Author: Korshun1488 <36413930+Korshun1488@users.noreply.github.com>
| | Date:   Tue Feb 20 09:26:36 2018 +0200
| |
| |     commit 5
| |
* | commit 8b7a8854c305d6f197ca42659234a0772b287c0e
| | Author: Korshun1488 <psinichka@gmail.com>
| | Date:   Tue Feb 20 09:38:38 2018 +0200
| |
| |     commit err
| |
* | commit 16882d494400dda3e85a0a4bc1aea7597199fe25
|/  Author: Korshun1488 <psinichka@gmail.com>
|   Date:   Tue Feb 20 09:21:31 2018 +0200
|
|       commit 6
|
* commit 2627455f3690e722aa9f714272751ce24c1240a2
| Author: Korshun1488 <psinichka@gmail.com>
| Date:   Tue Feb 20 09:07:34 2018 +0200
|
|     commit 4
|
* commit cb4fbcc5c19f96e1594d5f5410ab92c7161f0ec2
| Author: Korshun1488 <psinichka@gmail.com>
| Date:   Tue Feb 20 09:05:37 2018 +0200
|
|     commit 3
|
| * commit 22494348633b4791770ff33c743f668747fcc590 (origin/new_tree, new_tree)
|/  Author: Korshun1488 <psinichka@gmail.com>
|   Date:   Tue Feb 20 09:08:38 2018 +0200
|
|       commit 5
|
* commit e5345c2a4d4a9f58b8217bf07ae95c4e8fb8c807
| Author: Korshun1488 <psinichka@gmail.com>
| Date:   Tue Feb 20 09:05:18 2018 +0200
|
|     commit 2
|
* commit 216380946bf09e735718cb5fdb5b370071ff0b76
  Author: Korshun1488 <psinichka@gmail.com>
  Date:   Tue Feb 20 09:04:42 2018 +0200

      commit 1

*   commit 21d885e9bbd3571a80ca51e5c975dabfd577b3d0 (HEAD -> master, origin/master)
|\  Merge: 8b7a885 d0c3020
| | Author: Korshun1488 <psinichka@gmail.com>
| | Date:   Tue Feb 20 09:47:24 2018 +0200
| |
| |     commit new
| |
| * commit d0c30207d5bccd0fa2ecc2fe576b210854054be4
| | Author: Korshun1488 <36413930+Korshun1488@users.noreply.github.com>
| | Date:   Tue Feb 20 09:27:56 2018 +0200
| |
| |     commit 6
| |
| * commit 126ff610f025ae2fd9bc2aa6d1dbe760fc0c3e7d
| | Author: Korshun1488 <36413930+Korshun1488@users.noreply.github.com>
| | Date:   Tue Feb 20 09:26:36 2018 +0200
| |
| |     commit 5
| |
* | commit 8b7a8854c305d6f197ca42659234a0772b287c0e
| | Author: Korshun1488 <psinichka@gmail.com>
| | Date:   Tue Feb 20 09:38:38 2018 +0200
| |
| |     commit err
| |
* | commit 16882d494400dda3e85a0a4bc1aea7597199fe25
|/  Author: Korshun1488 <psinichka@gmail.com>
|   Date:   Tue Feb 20 09:21:31 2018 +0200
|
|       commit 6
|
* commit 2627455f3690e722aa9f714272751ce24c1240a2
| Author: Korshun1488 <psinichka@gmail.com>
| Date:   Tue Feb 20 09:07:34 2018 +0200
|
|     commit 4
|
* commit cb4fbcc5c19f96e1594d5f5410ab92c7161f0ec2
| Author: Korshun1488 <psinichka@gmail.com>
| Date:   Tue Feb 20 09:05:37 2018 +0200
|
|     commit 3
|
| * commit 22494348633b4791770ff33c743f668747fcc590 (origin/new_tree, new_tree)
|/  Author: Korshun1488 <psinichka@gmail.com>
|   Date:   Tue Feb 20 09:08:38 2018 +0200
|
|       commit 5
|
* commit e5345c2a4d4a9f58b8217bf07ae95c4e8fb8c807
| Author: Korshun1488 <psinichka@gmail.com>
| Date:   Tue Feb 20 09:05:18 2018 +0200
|
|     commit 2
|
* commit 216380946bf09e735718cb5fdb5b370071ff0b76

D:\KPI\new_data> git cat-file -p 21d885e9bbd3571a80ca51e5c975dabfd577b3d0
tree 7ec347443579f5a01a08599beebeaffae9468bed
parent 8b7a8854c305d6f197ca42659234a0772b287c0e
parent d0c30207d5bccd0fa2ecc2fe576b210854054be4
author Korshun1488 <psinichka@gmail.com> 1519112844 +0200
committer Korshun1488 <psinichka@gmail.com> 1519112844 +0200

commit new

D:\KPI\new_data> git cat-file -t 21d885e9bbd3571a80ca51e5c975dabfd577b3d0
commit

D:\KPI\new_data> git cat-file -t 7ec347443579f5a01a08599beebeaffae9468bed
tree

D:\KPI\new_data>